simproc_timeout.lean:42:8-42:23: warning: declaration uses `sorry`
simproc_timeout.lean:59:4-59:19: warning: declaration uses `sorry`
simproc_timeout.lean:63:4-63:17: warning: declaration uses `sorry`
simproc_timeout.lean:67:4-67:11: warning: declaration uses `sorry`
simproc_timeout.lean:73:9-73:32: warning: declaration uses `sorry`
simproc_timeout.lean:88:9-88:31: warning: declaration uses `sorry`
simproc_timeout.lean:106:4-106:7: warning: declaration uses `sorry`
simproc_timeout.lean:137:9-137:30: warning: declaration uses `sorry`
simproc_timeout.lean:173:26-173:39: warning: declaration uses `sorry`
simproc_timeout.lean:175:9-175:15: warning: declaration uses `sorry`
simproc_timeout.lean:188:18-188:24: warning: declaration uses `sorry`
simproc_timeout.lean:190:8-190:12: warning: declaration uses `sorry`
simproc_timeout.lean:199:9-199:13: warning: declaration uses `sorry`
simproc_timeout.lean:210:8-210:11: warning: declaration uses `sorry`
simproc_timeout.lean:212:8-212:11: warning: declaration uses `sorry`
simproc_timeout.lean:225:8-225:21: warning: declaration uses `sorry`
simproc_timeout.lean:236:8-236:19: warning: declaration uses `sorry`
simproc_timeout.lean:263:9-263:13: warning: declaration uses `sorry`
simproc_timeout.lean:273:8-273:17: warning: declaration uses `sorry`
simproc_timeout.lean:316:9-316:24: warning: declaration uses `sorry`
